
 Start  Stop   Length Name               Class

 00000H 0F4AFH 0F4B0H seg000             CODE
 0F4B0H 1D1CDH 0DD1EH seg001             STACK


  Address         Publics by Value

 0000:0000       start
 0000:003A       _1003A_exit_with_error
 0000:0169       _sub_10169_map2_resource_func
 0000:0579       _sub_10579_clear_global_gfx_y_offset
 0000:0580       _sub_10580_play_intro
 0000:093F       _sub_1093F_load_from_cs_23D04
 0000:0945       _sub_10945_set_23D04_to_si
 0000:0F66       nullsub_1
 0000:10B7       nullsub_2
 0000:1B0C       nullsub_5
 0000:1DD3       nullsub_3
 0000:3722       nullsub_6
 0000:395B       nullsub_7
 0000:4E8D       nullsub_14
 0000:55DD       _sub_155DD_map_func
 0000:578A       nullsub_15
 0000:63F0       _sub_163F0_map_func_qq
 0000:739E       _sub_1739E_map_func
 0000:7EE1       nullsub_16
 0000:88AE       nullsub_8
 0000:8B10       nullsub_9
 0000:961A       nullsub_10
 0000:A87E       _sub_1A87E_audio_test_frequency
 0000:A90B       _sub_1A90B_open_res_file
 0000:A93F       _sub_1A93F_read_res_file
 0000:A9A1       _sub_1A9A1_close_res_file_handle
 0000:A9E7       _sub_1A9E7_pcm_test_audio_done
 0000:AA0F       _sub_1AA0F_decode_sd_block
 0000:AA70       _sub_1AA70_transfer_sd_block_qq
 0000:AB15       _sub_1AB15_audio_start_voc
 0000:ABE9       _sub_1ABE9_open_voc_resource
 0000:AC14       _sub_1AC14_pcm_stop_voc_q
 0000:AC30       _sub_1AC30_call_pcm_audio_vtable_func_5
 0000:AD57       _sub_1AD57_do_midi_stuff
 0000:AE2F       _sub_1AE2F_check_pcm_enabled
 0000:AEB7       _sub_1AEB7_midi_func_3_0
 0000:B389       _sub_1B389_open_sav_cl
 0000:B427       _sub_1B427_map_func
 0000:B58B       _sub_1B58B_ma[_func
 0000:B6C3       _sub_1B6C3_map_func
 0000:B977       _sub_1B977_map_func_gfx
 0000:BAF1       nullsub_13
 0000:BFE3       _sub_1BFE3_map_func
 0000:C085       _sub_1C085_set_backbuffer_as_frame_buffer
 0000:C08E       _sub_1C08E_set_a000_as_frame_buffer
 0000:C097       _sub_1C097_do_stuff_and_call_bp_func
 0000:C0AD       _sub_1C0AD_gfx_clear_frame_buffer
 0000:C108       _sub_1C108_start_video
 0000:C137       _sub_1C137_load_icons.hsq
 0000:C13E       _sub_1C13E_open_sprites
 0000:C22F       _sub_1C22F_draw_irulan_subtitle
 0000:C477       _sub_1C477_gfx_copy_rect_at_si
 0000:C49A       _sub_1C49A_gfx_copy_framebuffer_to_screen
 0000:C4AA       _sub_1C4AA_gfx_copy_rect_to_screen
 0000:C4CD       _sub_1C4CD_gfx_copy_rect_from_screen
 0000:C4F0       _sub_1C4F0_rect_at_si_to_regs
 0000:CA01       _sub_1CA01_close_resource_handle
 0000:CC94       _word_1CC94_bltfunc
 0000:CCF4       _loc_1CCF4_hnm_decode_typed_chunk_video_to_bp
 0000:CDBF       _sub_1CDBF_read_from_file_handle
 0000:CE6C       _sub_1CE6C_initialize_memory_handler
 0000:CEFC       _sub_1CEFC_load_IRULn_HSQ
 0000:CFA0       _sub_1CFA0_check_amr_or_eng_language
 0000:D00F       _sub_1D00F_load_PHRASExx_HSQ
 0000:DAE3       _sub_1DAE3_set_mouse_pos
 0000:DB14       _sub_1DB14_define_mouse_range
 0000:DBEC       _sub_1DBEC_draw_mouse_qq
 0000:DCE0       _sub_1DCE0_read_game_port
 0000:DE0C       _sub_1DE0C_check_user_input_qq
 0000:DE7A       nullsub_11
 0000:DF1E       _sub_1DF1E_get_mouse_pos_etc
 0000:E26F       nullsub_4
 0000:E40C       _stru_1E40C_cmd_arg_list
 0000:E4AD       _sub_1E4AD_parse_command_line
 0000:E56B       _sub_1E56B_parse_cmd_is_end_of_arg
 0000:E57B       _sub_1E57B_load_driver_with_vtable_at_si
 0000:E594       _sub_1E594_initialize
 0000:E674       nullsub_12
 0000:E675       _sub_1E675_open_dune_dat
 0000:E741       _sub_1E741_read_dune_dat_toc
 0000:E76A       _sub_1E76A_initialize_audio
 0000:E8A8       _sub_1E8A8_set_pit_timer_frequency
 0000:E8D5       _sub_1E8D5_uninitialize_memory_driver
 0000:E97A       _sub_1E97A_initialize_mouse
 0000:E9F4       _sub_1E9F4_mouse_func_uncalled
 0000:EA32       _sub_1EA32_initialize_joystick
 0000:EA77       _off_1EA77_memory_func_1
 0000:EA79       _off_1EA79_memory_func_2
 0000:EA7B       _sub_1EA7B_memory_func_qq
 0000:EAB7       _sub_1EAB7_memory_func_qq
 0000:EC46       _sub_1EC46_call_memory_func_2
 0000:EC59       _sub_1EC59_call_memory_func_1
 0000:EC9C       _sub_1EC9C_xms_memory_func_1
 0000:ECEC       _sub_1ECEC_xms_memory_func_1
 0000:ED3A       _word_1ED3A_ems_emm_handle
 0000:ED3C       _word_1ED3C_ems_page_frame_base_seg
 0000:ED40       _sub_1ED40_get_ems_emm_handle
 0000:ED45       _sub_1ED45_call_ems_func
 0000:EDB9       _sub_1EDB9_map_ems_for_midi_audio
 0000:EE02       _sub_1EE02_ems_memory_func_2
 0000:EE46       _sub_1EE46_ems_memory_func_1
 0000:EE8A       _word_1EE8A_xms_memory_block
 0000:EE8C       _dword_1EE8C_xms_driver_addr
 0000:EEA0       _sub_1EEA0_initialize_himem_sys
 0000:EF22       _sub_1EF22_call_xms_driver_func
 0000:EF2B       _sub_1EF2B_call_xms_func_on_block
 0000:EF32       _sub_1EF32_xms_move_memory
 0000:F0A0       _sub_1F0A0_open_resource_force_hsq
 0000:F0B9       _sub_1F0B9_open_resource_by_index_si
 0000:F0D6       _sub_1F0D6_read_and_maybe_hsq
 0000:F0F6       _sub_1F0F6_dnmaj_func_alloc_qqq
 0000:F0FF       _sub_1F0FF_bumb_allocate_mem_cx_bytes
 0000:F11C       _sub_1F11C_alloc_cx
 0000:F130       _loc_1F130_out_of_memory_error
 0000:F131       _loc_1F131_out_of_memory_error
 0000:F1FB       _sub_1F1FB_open_res_or_file_to_dx_size_ax
 0000:F229       _sub_1F229_open_res_or_file_or_die
 0000:F244       _sub_1F244_read_resource_to_esdi
 0000:F255       _sub_1F255_open_nonres_file
 0000:F260       _sub_1F260_read_ffff_to_esdi_and_close
 0000:F27C       _loc_1F27C_create_and_write_file
 0000:F2A7       _sub_1F2A7_seek_dune_dat_to_res_dsdx
 0000:F2D6       _sub_1F2D6_seek_dune_dat_offset_dxax
 0000:F2EA       _sub_1F2EA_read_dune_dat_cx_to_esdi
 0000:F2FC       _sub_1F2FC_strcpy_to_filename_buf
 0000:F314       _sub_1F314_locate_res_by_name_dssi
 0000:F36C       _loc_1F36C_is_in_p_dir
 0000:F3D3       _loc_1F3D3_check_hsq_checksum
 0000:F403       _sub_1F403_hsq_decomp_skip_header_dssi_to_esdi
 0000:F40D       _loc_1F40D_hsq_decomp_no_header
 0000:F435       _loc_1F435_next_bit
 0000:F43B       _loc_1F43B_bit_1
 0000:F43E       _loc_1F43E_refill
 0000:F446       _loc_1F446_bit_0
 0000:F45E       _loc_1F45E_bit_00
 0000:F482       _loc_1F482_bit_01
 0F4B:0800       _unk_1FCB0_dune_dat_toc_seg
 0F4B:22CB       aImertolubrehLa
 0F4B:22FD       aLim1_hsq
 0F4B:251A       aThstndrdEr____
 0F4B:2580       _word_21A30_mouse_pos_scaler
 0F4B:2784       _word_21C34_resource_id
 0F4B:2882       _word_21D32_audio_time_to_play_28224_samples_hi
 0F4B:2884       _word_21D34_audio_time_to_play_28224_samples_lo
 0F4B:2942       _byte_21DF2_cmd_args
 0F4B:2943       _byte_21DF3_cmd_args_memory
 0F4B:2944       _byte_21DF4_cmd_args_audio
 0F4B:2951       aTablat_bin
 0F4B:295E       aDnchar_bin
 0F4B:296B       aDnchar2_bin
 0F4B:2979       aDialogue_hsq
 0F4B:2988       aVer_bin
 0F4B:2992       aSiet_sal
 0F4B:299D       aPalace_sal
 0F4B:29AA       aVilg_sal
 0F4B:29B5       aHark_sal
 0F4B:29C0       aGlobdata_hsq
 0F4B:29CF       aPhrase11_hsq
 0F4B:29DE       aPhrase21_hsq
 0F4B:29ED       aPhrase31_hsq
 0F4B:29FC       aPhrase41_hsq
 0F4B:2A0B       aPhrase51_hsq
 0F4B:2A1A       aPhrase61_hsq
 0F4B:2A29       aPhrase71_hsq
 0F4B:2A38       aPhrase12_hsq
 0F4B:2A47       aPhrase22_hsq
 0F4B:2A56       aPhrase32_hsq
 0F4B:2A65       aPhrase42_hsq
 0F4B:2A74       aPhrase52_hsq
 0F4B:2A83       aPhrase62_hsq
 0F4B:2A92       aPhrase72_hsq
 0F4B:2AA1       aCommand1_hsq
 0F4B:2AB0       aCommand2_hsq
 0F4B:2ABF       aCommand3_hsq
 0F4B:2ACE       aCommand4_hsq
 0F4B:2ADD       aCommand5_hsq
 0F4B:2AEC       aCommand6_hsq
 0F4B:2AFB       aCommand7_hsq
 0F4B:2B0A       aDnvga_hsq
 0F4B:2B16       aDn386_hsq
 0F4B:2B22       aDnpcs_hsq
 0F4B:2B2E       aDnadl_hsq
 0F4B:2B3A       aDnadp_hsq
 0F4B:2B46       aDnadg_hsq
 0F4B:2B52       aDnmid_hsq
 0F4B:2B5E       aDnpcs2_hsq
 0F4B:2B6B       aDnsdb_hsq
 0F4B:2B77       aDnsbp_hsq
 0F4B:2B83       aCondit_hsq
 0F4B:2B90       aMap_hsq
 0F4B:2B9A       aIcones_hsq
 0F4B:2BA7       aFresk_hsq
 0F4B:2BB3       aLeto_hsq
 0F4B:2BBE       aJess_hsq
 0F4B:2BC9       aHawa_hsq
 0F4B:2BD4       aIdah_hsq
 0F4B:2BDF       aGurn_hsq
 0F4B:2BEA       aStil_hsq
 0F4B:2BF5       aKyne_hsq
 0F4B:2C00       aChan_hsq
 0F4B:2C0B       aHara_hsq
 0F4B:2C16       aBaro_hsq
 0F4B:2C21       aFeyd_hsq
 0F4B:2C2C       aEmpr_hsq
 0F4B:2C37       aHark_hsq
 0F4B:2C42       aSmug_hsq
 0F4B:2C4D       aFrm1_hsq
 0F4B:2C58       aFrm2_hsq
 0F4B:2C63       aFrm3_hsq
 0F4B:2C6E       aGeneric_hsq
 0F4B:2C7C       aProuge_hsq
 0F4B:2C89       aComm_hsq
 0F4B:2C94       aEqui_hsq
 0F4B:2C9F       aBalcon_hsq
 0F4B:2CAC       aCorr_hsq
 0F4B:2CB7       aPor_hsq
 0F4B:2CC1       aSiet1_hsq
 0F4B:2CCD       aXplain9_hsq
 0F4B:2CDB       aLibre
 0F4B:2CE3       aBunk_hsq
 0F4B:2CEE       aFinal_hsq
 0F4B:2CFA       aSerre_hsq
 0F4B:2D06       aBota_hsq
 0F4B:2D11       aPalplan_hsq
 0F4B:2D1F       aSun_hsq
 0F4B:2D29       aVis_hsq
 0F4B:2D33       aOrnypan_hsq
 0F4B:2D41       aOnmap_hsq
 0F4B:2D4D       aPers_hsq
 0F4B:2D58       aChankiss_hsq
 0F4B:2D67       aSky_hsq
 0F4B:2D71       aSkydn_hsq
 0F4B:2D7D       aOrnytk_hsq
 0F4B:2D8A       aAttack_hsq
 0F4B:2D97       aStars_hsq
 0F4B:2DA3       aIntds_hsq
 0F4B:2DAF       aSunrs_hsq
 0F4B:2DBB       aPaul_hsq
 0F4B:2DC6       aBack_hsq
 0F4B:2DD1       aMois_hsq
 0F4B:2DDC       aBook_hsq
 0F4B:2DE7       aOrny_hsq
 0F4B:2DF2       aOrnycab_hsq
 0F4B:2E00       aLibre_hsq
 0F4B:2E0C       aLibre_hsq_0
 0F4B:2E18       aLibre_hsq_1
 0F4B:2E24       aLibre_0
 0F4B:2E2C       aVer_hsq
 0F4B:2E36       aMap2_hsq
 0F4B:2E41       aMirror_hsq
 0F4B:2E4E       aDs0_hsq
 0F4B:2E58       aDs1_hsq
 0F4B:2E62       aDs2_hsq
 0F4B:2E6C       aDs3_hsq
 0F4B:2E76       aDs4_hsq
 0F4B:2E80       aLibre_1
 0F4B:2E88       aDn20_hsq
 0F4B:2E93       aDn21_hsq
 0F4B:2E9E       aDn22_hsq
 0F4B:2EA9       aDn23_hsq
 0F4B:2EB4       aDn24_hsq
 0F4B:2EBF       aDn25_hsq
 0F4B:2ECA       aDn26_hsq
 0F4B:2ED5       aDn27_hsq
 0F4B:2EE0       aDn28_hsq
 0F4B:2EEB       aDn29_hsq
 0F4B:2EF6       aDn30_hsq
 0F4B:2F01       aDn31_hsq
 0F4B:2F0C       aDn32_hsq
 0F4B:2F17       aDn33_hsq
 0F4B:2F22       aDn34_hsq
 0F4B:2F2D       aDn35_hsq
 0F4B:2F38       aDn36_hsq
 0F4B:2F43       aDn37_hsq
 0F4B:2F4E       aDn38_hsq
 0F4B:2F59       aMixr_hsq
 0F4B:2F64       aInt02_hsq
 0F4B:2F70       aInt04_hsq
 0F4B:2F7C       aInt05_hsq
 0F4B:2F88       aInt06_hsq
 0F4B:2F94       aInt07_hsq
 0F4B:2FA0       aInt08_hsq
 0F4B:2FAC       aInt09_hsq
 0F4B:2FB8       aInt10_hsq
 0F4B:2FC4       aInt11_hsq
 0F4B:2FD0       aInt13_hsq
 0F4B:2FDC       aInt14_hsq
 0F4B:2FE8       aInt15_hsq
 0F4B:2FF4       aPalais_hsq
 0F4B:3001       aMnt1_lop
 0F4B:300C       aMnt2_lop
 0F4B:3017       aMnt3_lop
 0F4B:3022       aMnt4_lop
 0F4B:302D       aSiet_lop
 0F4B:3038       aPalace_lop
 0F4B:3045       aIrul1_hsq
 0F4B:3051       aIrul2_hsq
 0F4B:305D       aIrul3_hsq
 0F4B:3069       aIrul4_hsq
 0F4B:3075       aIrul5_hsq
 0F4B:3081       aIrul6_hsq
 0F4B:308D       aIrul7_hsq
 0F4B:3099       aIrul8_hsq
 0F4B:30A5       aIrul9_hsq
 0F4B:30B1       aDp1_hsq
 0F4B:30BB       aDp0_hsq
 0F4B:30C5       aDp2_hsq
 0F4B:30CF       aDp3_hsq
 0F4B:30D9       aDf1_hsq
 0F4B:30E3       aDf2_hsq
 0F4B:30ED       aDf3_hsq
 0F4B:30F7       aDf4_hsq
 0F4B:3101       aVil1_hsq
 0F4B:310C       aVil2_hsq
 0F4B:3117       aVil3_hsq
 0F4B:3122       aVil4_hsq
 0F4B:312D       aVil5_hsq
 0F4B:3138       aVil6_hsq
 0F4B:3143       aDv1_hsq
 0F4B:314D       aDv2_hsq
 0F4B:3157       aDv3_hsq
 0F4B:3161       aDv4_hsq
 0F4B:316B       aDh0_hsq
 0F4B:3175       aDh1_hsq
 0F4B:317F       aDh2_hsq
 0F4B:3189       aDh3_hsq
 0F4B:3193       aVg01_hsq
 0F4B:319E       aVg02_hsq
 0F4B:31A9       aVg03_hsq
 0F4B:31B4       aVg04_hsq
 0F4B:31BF       aVg05_hsq
 0F4B:31CA       aVg06_hsq
 0F4B:31D5       aVg07_hsq
 0F4B:31E0       aVg08_hsq
 0F4B:31EB       aVg09_hsq
 0F4B:31F6       aVg10_hsq
 0F4B:31FF       _off_226AF_resource_names
 0F4B:33F2       aDfl2_hnm
 0F4B:3405       aMnt1_hnm
 0F4B:3418       aMnt2_hnm
 0F4B:342B       aMnt3_hnm
 0F4B:343E       aMnt4_hnm
 0F4B:3451       aSiet_hnm
 0F4B:3464       aPalace_hnm
 0F4B:3471       aFort_hnm
 0F4B:347C       aMtg1_hnm
 0F4B:3487       aMtg2_hnm
 0F4B:3492       aMtg3_hnm
 0F4B:349D       aPlant_hnm
 0F4B:34A9       aCredits_hnm
 0F4B:34B7       aVirgin_hnm
 0F4B:34C4       aCryo_hnm
 0F4B:34CF       aCryo2_hnm
 0F4B:34DB       aPresent_hnm
 0F4B:34E9       aIrulan_hnm
 0F4B:34F6       aSeqa_hnm
 0F4B:3501       aSeql_hnm
 0F4B:350C       aSeqm_hnm
 0F4B:3517       aSeqp_hnm
 0F4B:3522       aSeqg_hnm
 0F4B:352D       aSeqj_hnm
 0F4B:3538       aSeqk_hnm
 0F4B:3543       aSeqi_hnm
 0F4B:354E       aSeqd_hnm
 0F4B:3559       aSeqn_hnm
 0F4B:3564       aSeqr_hnm
 0F4B:356E       aBdead_hnm
 0F4B:357A       aDead2_hnm
 0F4B:3586       aDead3_hnm
 0F4B:3592       aVer_hnm
 0F4B:359C       aTitle_hnm
 0F4B:35A6       _word_22A56_file_handle
 0F4B:35A8       _word_22A58_URILAN_subtitle_frames
 0F4B:3622       _word_22AD2_hnm_subtitle_frames
 0F4B:3624       aNotEnoughStand
 0F4B:364B       aNotEnoughSta_0
 0F4B:368D       aNotEnoughSta_1
 0F4B:36B4       aFileNotFound
 0F4B:36D3       aSekence_hsq
 0F4B:36E1       aWater_hsq
 0F4B:36ED       aWormsuit_hsq
 0F4B:36FC       aWormintr_hsq
 0F4B:370B       aWarsong_hsq
 0F4B:3719       aMorning_hsq
 0F4B:3727       aSietchm_hsq
 0F4B:3735       aBagdad_hsq
 0F4B:3742       aArrakis_hsq
 0F4B:3750       aCryomus_hsq
 0F4B:376A       _byte_22C1A_audio_current_sfx_id
 0F4B:376D       aSn1_hsq
 0F4B:3777       aSn2_hsq
 0F4B:3781       aSn3_hsq
 0F4B:378B       aSn4_hsq
 0F4B:3795       aSn5_voc
 0F4B:379F       aSn6_hsq
 0F4B:37A9       aSn7_voc
 0F4B:37B3       aSn8_voc
 0F4B:37BD       aSn9_voc
 0F4B:37C7       aSna_hsq
 0F4B:37D1       aFreq_hsq
 0F4B:37DC       aPf001i_voc
 0F4B:37E9       aDune_dat
 0F4B:37F2       aDnmaj1
 0F4B:3811       _dword_22CC1_pcm_voc_resource_offset
 0F4B:3815       _word_22CC5_res_remaining
 0F4B:3817       _word_22CC7_pcm_callback_flag_q
 0F4B:381F       _word_22CCF_pcm_callback_flag_qq
 0F4B:3821       _word_22CD1_res_file_handle
 0F4B:38A8       aDune37s0_sav
 0F4B:38B5       _ptr_22D65_gfx_vtable_func_0
 0F4B:38B9       _ptr_22D65_gfx_vtable_func_1_get_info
 0F4B:38BD       _ptr_22D65_gfx_vtable_func_2
 0F4B:38C1       _ptr_22D65_gfx_vtable_func_3
 0F4B:38C5       _ptr_22D65_gfx_vtable_func_4_restore_mouse_area_qq
 0F4B:38C9       _ptr_22D65_gfx_vtable_func_5
 0F4B:38CD       _ptr_22D65_gfx_vtable_func_6
 0F4B:38D1       _ptr_22D65_gfx_vtable_func_7
 0F4B:38D5       _ptr_22D65_gfx_vtable_func_8
 0F4B:38D9       _ptr_22D65_gfx_vtable_func_9
 0F4B:38DD       _ptr_22D65_gfx_vtable_func_10
 0F4B:38E1       _ptr_22D65_gfx_vtable_func_11_copy_framebuf
 0F4B:38E5       _ptr_22D65_gfx_vtable_func_12_copy_rect
 0F4B:38E9       _ptr_22D65_gfx_vtable_func_13_copy_framebuf
 0F4B:38ED       _ptr_22D65_gfx_vtable_func_14
 0F4B:38F1       _ptr_22D65_gfx_vtable_func_15_copy_framebuffer
 0F4B:38F5       _ptr_22D65_gfx_vtable_func_16
 0F4B:38F9       _ptr_22D65_gfx_vtable_func_17_copy_fbuf_explode_and_center
 0F4B:38FD       _ptr_22D65_gfx_vtable_func_18
 0F4B:3901       _ptr_22D65_gfx_vtable_func_19
 0F4B:3905       _ptr_22D65_gfx_vtable_func_20
 0F4B:3909       _ptr_22D65_gfx_vtable_func_21
 0F4B:390D       _ptr_22D65_gfx_vtable_func_22
 0F4B:3911       _ptr_22D65_gfx_vtable_func_23
 0F4B:3915       _ptr_22D65_gfx_vtable_func_24
 0F4B:3919       _ptr_22D65_gfx_vtable_func_25
 0F4B:391D       _ptr_22D65_gfx_vtable_func_26
 0F4B:3921       _ptr_22D65_gfx_vtable_func_27
 0F4B:3925       _ptr_22D65_gfx_vtable_func_28
 0F4B:3929       _ptr_22D65_gfx_vtable_func_29
 0F4B:392D       _ptr_22D65_gfx_vtable_func_30
 0F4B:3931       _ptr_22D65_gfx_vtable_func_31
 0F4B:3935       _ptr_22D65_gfx_vtable_func_32
 0F4B:3939       _ptr_22D65_gfx_vtable_func_set_global_y_offset
 0F4B:393D       _ptr_22D65_gfx_vtable_func_34
 0F4B:3941       _ptr_22D65_gfx_vtable_func_35
 0F4B:3945       _ptr_22D65_gfx_vtable_func_36
 0F4B:3949       _ptr_22D65_gfx_vtable_func_37
 0F4B:394D       _ptr_22D65_gfx_vtable_func_38
 0F4B:3951       _ptr_22D65_gfx_vtable_func_39
 0F4B:3955       _ptr_22D65_gfx_vtable_func_40
 0F4B:3959       _ptr_22D65_gfx_vtable_func_41
 0F4B:395D       _ptr_22D65_gfx_vtable_func_42
 0F4B:3961       _ptr_22D65_gfx_vtable_func_43
 0F4B:3965       _ptr_22D65_gfx_vtable_func_44
 0F4B:3969       _ptr_22D65_gfx_vtable_func_45
 0F4B:396D       midi_vtable_func_1
 0F4B:3971       midi_vtable_func_2
 0F4B:3975       midi_vtable_func_3
 0F4B:3979       midi_vtable_func_4
 0F4B:397D       midi_vtable_func_5
 0F4B:3981       midi_vtable_func_6
 0F4B:3985       midi_vtable_func_7
 0F4B:3989       _dword_22E39_pcm_audio_vtable_func_1
 0F4B:398D       _dword_22E3D_pcm_audio_vtable_func_2
 0F4B:3991       pcm_audio_vtable_func_3
 0F4B:3995       pcm_audio_vtable_func_4
 0F4B:3999       pcm_audio_vtable_func_5
 0F4B:399D       pcm_audio_vtable_func_6
 0F4B:39A1       pcm_audio_vtable_func_7
 0F4B:39A5       pcm_audio_vtable_func_8
 0F4B:39A9       _word_22E59_xms_or_ems_mem_limit
 0F4B:39AB       _word_22E5B_joystick_param
 0F4B:39B7       _unk_22E67_allocator_next_free_addr
 0F4B:39B9       _seg_22E69_pages_allocated
 0F4B:3CBC       _word_2316C_error_msg
 0F4B:4948       RESOURCE_TABLAT
 0F4B:4C60       RESOURCE_GLOBDATA
 0F4B:AA72       _unk_29F22_res_condit
 0F4B:AA74       _unk_29F24_res_condit
 0F4B:AA76       _word_29F26_res_dialogue
 0F4B:CE68       _word_2C318_pages_available
 0F4B:CE71       _byte_2C321_disable_hsq
 0F4B:CE74       _unk_2C324_vga_framebuffer_size_64000
 0F4B:CE76       _unk_2C326_default_drive
 0F4B:CE77       _unk_2C327_default_drive
 0F4B:CE78       _word_2C328_resource_index
 0F4B:CE7A       _word_2C32A_time_passed
 0F4B:CEEB       _byte_2C39B_language_setting
 0F4B:D816       _unk_2CCC6_sav_file_first_word
 0F4B:D824       _unk_2CCD4_bios_timer_count_1
 0F4B:D826       _unk_2CCD6_bios_timer_count_2
 0F4B:D828       _unk_2CCD8_bios_timer_count_3
 0F4B:DBB0       _dword_2D060_resource_ptr_w_offset
 0F4B:DBBA       _2D06A_dune_dat_file_handle
 0F4B:DBBC       _dword_2D06C_dnmaj_func_ptr_2
 0F4B:DBD6       _word_2D086_framebuffer_a
 0F4B:DBD8       _word_2D088_vga_base_a000
 0F4B:DBDA       _word_2D08A_framebuffer_b
 0F4B:DBDC       _unk_2D08C_frame_buffer
 0F4B:DBDE       _word_2D08E_frame_buffer_video_qqq
 0F4B:DBE8       _word_2D098_current_hnm_frame
 0F4B:DC00       _word_2D0B0_video_id
 0F4B:DC04       _word_2D0B4_file_offset_lo
 0F4B:DC06       _word_2D0B6_file_offset_hi
 0F4B:DC08       _word_2D0B8_file_remain_lo
 0F4B:DC0A       _word_2D0BA_file_remain_hi
 0F4B:DC0C       _dword_2D0BC_file_read_buf
 0F4B:DC14       _word_2D0C4_video_decode_buf_ofs
 0F4B:DC16       _word_2D0C6_video_decode_buf_seg
 0F4B:DC1C       _word_2D0CC_hnm_sd_block_ofs
 0F4B:DC1E       _word_2D0CE_hnm_pl_block_ofs
 0F4B:DC24       _word_2D0D4_video_chunk_tag
 0F4B:DC26       _word_2D0D6_pcm_voc_lipsync_data
 0F4B:DC32       _word_2D0E2_frame_backbuffer
 0F4B:DC36       _word_2D0E6_mouse_pos_y
 0F4B:DC38       _word_2D0E8_mouse_pos_x
 0F4B:DC3A       _ptr_2D0EA_mouse_clip_region
 0F4B:DCFE       _unk_2D1AE_res_map
 0F4B:DD1D       _unk_2D1CD_top_of_mem
